


ARM Macro Assembler    Page 1 


    1 00000000 400053FC 
                       GPIO_PORTB_DATA
                               EQU              0x400053FC
    2 00000000                 AREA             subroutine, READONLY, CODE
    3 00000000                 THUMB
    4 00000000         
    5 00000000                 EXPORT           ISR
    6 00000000         ; BACKWARD   
    7 00000000         ;ISR  PROC
    8 00000000         ;  LDR  R5, =GPIO_PORTB_DATA
    9 00000000         ;  MOV  R1, #1
   10 00000000         ;  MOV  R0, #0
   11 00000000         ;  LDR  R2, [R5]
   12 00000000         ;  CMP  R2, R0
   13 00000000         ;  MOVEQ R2, #8
   14 00000000         ;  BEQ  exit 
   15 00000000         ;  CMP  R1, R2
   16 00000000         ;  MOVEQ R2, #8
   17 00000000         ;  BEQ  exit
   18 00000000         ;  LSR  R2, R2, #1
   19 00000000         ;exit STR  R2, [R5] 
   20 00000000         ;  BX  LR
   21 00000000         ;  ALIGN
   22 00000000         ;  ENDP
   23 00000000         ; FORWARD   
   24 00000000         ISR     PROC
   25 00000000 4D08            LDR              R5, =GPIO_PORTB_DATA
   26 00000002 F04F 0108       MOV              R1, #8
   27 00000006 F04F 0000       MOV              R0, #0
   28 0000000A 682A            LDR              R2, [R5]
   29 0000000C 4282            CMP              R2, R0
   30 0000000E BF08 2201       MOVEQ            R2, #1
   31 00000012 D005            BEQ              exit
   32 00000014 4291            CMP              R1, R2
   33 00000016 BF08 2201       MOVEQ            R2, #1
   34 0000001A D001            BEQ              exit
   35 0000001C EA4F 0242       LSL              R2, R2, #1
   36 00000020 602A    exit    STR              R2, [R5]
   37 00000022 4770            BX               LR
   38 00000024                 ALIGN
   39 00000024                 ENDP
                       
              400053FC 
Command Line: --debug --xref --diag_suppress=9931 --cpu=Cortex-M4.fp.sp --apcs=
interwork --depend=.\objects\isr.d -o.\objects\isr.o -I"C:\Users\Emre Çakmakyur
du\AppData\Local\Arm\Packs\Keil\TM4C_DFP\1.1.0\Device\Include\TM4C123" --predef
ine="__EVAL SETA 1" --predefine="__UVISION_VERSION SETA 536" --predefine="TM4C1
23GH6PM SETA 1" --list=.\listings\isr.lst ISR.s



ARM Macro Assembler    Page 1 Alphabetic symbol ordering
Relocatable symbols

ISR 00000000

Symbol: ISR
   Definitions
      At line 24 in file ISR.s
   Uses
      At line 5 in file ISR.s
Comment: ISR used once
exit 00000020

Symbol: exit
   Definitions
      At line 36 in file ISR.s
   Uses
      At line 31 in file ISR.s
      At line 34 in file ISR.s

subroutine 00000000

Symbol: subroutine
   Definitions
      At line 2 in file ISR.s
   Uses
      None
Comment: subroutine unused
3 symbols



ARM Macro Assembler    Page 1 Alphabetic symbol ordering
Absolute symbols

GPIO_PORTB_DATA 400053FC

Symbol: GPIO_PORTB_DATA
   Definitions
      At line 1 in file ISR.s
   Uses
      At line 25 in file ISR.s
Comment: GPIO_PORTB_DATA used once
1 symbol
340 symbols in table
