Component: ARM Compiler 5.06 update 7 (build 960) Tool: armlink [4d3601]

==============================================================================

Section Cross References

    main.o(main) refers to pulse.o(routines) for PULSE_INIT
    main.o(main) refers to init.o(routines) for INIT
    main.o(main) refers to handler.o(routines) for HANDLER
    startup.o(STACK) refers (Special) to heapauxi.o(.text) for __use_two_region_memory
    startup.o(HEAP) refers (Special) to heapauxi.o(.text) for __use_two_region_memory
    startup.o(RESET) refers (Special) to heapauxi.o(.text) for __use_two_region_memory
    startup.o(RESET) refers to startup.o(STACK) for StackMem
    startup.o(RESET) refers to main.o(main) for __main
    startup.o(RESET) refers to pulse.o(routines) for My_Timer0A_Handler
    startup.o(.text) refers (Special) to heapauxi.o(.text) for __use_two_region_memory
    startup.o(.text) refers to startup.o(HEAP) for HeapMem
    startup.o(.text) refers to startup.o(STACK) for StackMem
    handler.o(routines) refers to outstr.o(.text) for OutStr
    handler.o(routines) refers to convrt.o(main) for CONVRT
    handler.o(routines) refers to handler.o(sdata) for MSG1


==============================================================================

Removing Unused input sections from the image.

    Removing startup.o(HEAP), (0 bytes).
    Removing startup.o(.text), (48 bytes).

2 unused section(s) (total 48 bytes) removed from the image.

==============================================================================

Image Symbol Table

    Local Symbols

    Symbol Name                              Value     Ov Type        Size  Object(Section)

    RESET                                    0x00000000   Section      648  startup.o(RESET)
    ../clib/heapaux.c                        0x00000000   Number         0  heapauxi.o ABSOLUTE
    ..\..\..\Downloads\OutStr.s              0x00000000   Number         0  outstr.o ABSOLUTE
    ..\..\..\Downloads\Pulse.s               0x00000000   Number         0  pulse.o ABSOLUTE
    ..\..\..\Downloads\Startup.s             0x00000000   Number         0  startup.o ABSOLUTE
    ..\exp1_partA\CONVRT.s                   0x00000000   Number         0  convrt.o ABSOLUTE
    HANDLER.s                                0x00000000   Number         0  handler.o ABSOLUTE
    INIT.s                                   0x00000000   Number         0  init.o ABSOLUTE
    dc.s                                     0x00000000   Number         0  dc.o ABSOLUTE
    main.s                                   0x00000000   Number         0  main.o ABSOLUTE
    $v0                                      0x0000026c   Number         0  startup.o(RESET)
    .text                                    0x00000288   Section      236  outstr.o(.text)
    $v0                                      0x00000288   Number         0  outstr.o(.text)
    .text                                    0x00000374   Section        0  heapauxi.o(.text)
    main                                     0x0000037c   Section       16  main.o(main)
    $v0                                      0x0000037c   Number         0  main.o(main)
    main                                     0x0000038c   Section       78  convrt.o(main)
    $v0                                      0x0000038c   Number         0  convrt.o(main)
    routines                                 0x000003dc   Section      292  pulse.o(routines)
    $v0                                      0x000003dc   Number         0  pulse.o(routines)
    routines                                 0x00000500   Section      172  init.o(routines)
    $v0                                      0x00000500   Number         0  init.o(routines)
    routines                                 0x000005ac   Section      292  handler.o(routines)
    $v0                                      0x000005ac   Number         0  handler.o(routines)
    sdata                                    0x000006d0   Section       50  handler.o(sdata)
    MSG1                                     0x000006d0   Data          12  handler.o(sdata)
    MSG2                                     0x000006de   Data          17  handler.o(sdata)
    MSG3                                     0x000006f1   Data          15  handler.o(sdata)
    STACK                                    0x20000000   Section     1024  startup.o(STACK)
    StackMem                                 0x20000000   Data           0  startup.o(STACK)

    Global Symbols

    Symbol Name                              Value     Ov Type        Size  Object(Section)

    BuildAttributes$$THM_ISAv4$E$P$D$K$B$S$7EM$VFPi3$EXTD16$VFPS$VFMA$PE$A:L22UL41UL21$X:L11$S22US41US21$IEEE1$IW$USESV6$~STKCKD$USESV7$~SHL$OSPACE$ROPI$EBA8$STANDARDLIB$REQ8$EABIv2 0x00000000   Number         0  anon$$obj.o ABSOLUTE
    __Vectors                                0x00000000   Data           0  startup.o(RESET)
    Reset_Handler                            0x0000026d   Thumb Code     0  startup.o(RESET)
    NMI_Handler                              0x00000271   Thumb Code     2  startup.o(RESET)
    HardFault_Handler                        0x00000273   Thumb Code     2  startup.o(RESET)
    MemManage_Handler                        0x00000275   Thumb Code     2  startup.o(RESET)
    BusFault_Handler                         0x00000277   Thumb Code     2  startup.o(RESET)
    UsageFault_Handler                       0x00000279   Thumb Code     2  startup.o(RESET)
    SVC_Handler                              0x0000027b   Thumb Code     2  startup.o(RESET)
    DebugMon_Handler                         0x0000027d   Thumb Code     2  startup.o(RESET)
    PendSV_Handler                           0x0000027f   Thumb Code     2  startup.o(RESET)
    SysTick_Handler                          0x00000281   Thumb Code     2  startup.o(RESET)
    ADC0Seq0_Handler                         0x00000283   Thumb Code     0  startup.o(RESET)
    ADC0Seq1_Handler                         0x00000283   Thumb Code     0  startup.o(RESET)
    ADC0Seq2_Handler                         0x00000283   Thumb Code     0  startup.o(RESET)
    ADC0Seq3_Handler                         0x00000283   Thumb Code     0  startup.o(RESET)
    GPIOPortA_Handler                        0x00000283   Thumb Code     0  startup.o(RESET)
    GPIOPortB_Handler                        0x00000283   Thumb Code     0  startup.o(RESET)
    GPIOPortC_Handler                        0x00000283   Thumb Code     0  startup.o(RESET)
    GPIOPortD_Handler                        0x00000283   Thumb Code     0  startup.o(RESET)
    GPIOPortE_Handler                        0x00000283   Thumb Code     0  startup.o(RESET)
    I2C0_Handler                             0x00000283   Thumb Code     0  startup.o(RESET)
    PWM0Fault_Handler                        0x00000283   Thumb Code     0  startup.o(RESET)
    PWM0Generator0_Handler                   0x00000283   Thumb Code     0  startup.o(RESET)
    PWM0Generator1_Handler                   0x00000283   Thumb Code     0  startup.o(RESET)
    PWM0Generator2_Handler                   0x00000283   Thumb Code     0  startup.o(RESET)
    Quadrature0_Handler                      0x00000283   Thumb Code     0  startup.o(RESET)
    SSI0_Handler                             0x00000283   Thumb Code     0  startup.o(RESET)
    Timer0A_Handler                          0x00000283   Thumb Code     4  startup.o(RESET)
    UART0_Handler                            0x00000283   Thumb Code     0  startup.o(RESET)
    UART1_Handler                            0x00000283   Thumb Code     0  startup.o(RESET)
    WDT_Handler                              0x00000283   Thumb Code     0  startup.o(RESET)
    ADC1Seq0_Handler                         0x00000287   Thumb Code     0  startup.o(RESET)
    ADC1Seq1_Handler                         0x00000287   Thumb Code     0  startup.o(RESET)
    ADC1Seq2_Handler                         0x00000287   Thumb Code     0  startup.o(RESET)
    ADC1Seq3_Handler                         0x00000287   Thumb Code     0  startup.o(RESET)
    CAN0_Handler                             0x00000287   Thumb Code     0  startup.o(RESET)
    CAN1_Handler                             0x00000287   Thumb Code     0  startup.o(RESET)
    CAN2_Handler                             0x00000287   Thumb Code     0  startup.o(RESET)
    Comp0_Handler                            0x00000287   Thumb Code     0  startup.o(RESET)
    Comp1_Handler                            0x00000287   Thumb Code     0  startup.o(RESET)
    Comp2_Handler                            0x00000287   Thumb Code     0  startup.o(RESET)
    Ethernet_Handler                         0x00000287   Thumb Code     0  startup.o(RESET)
    ExtBus_Handler                           0x00000287   Thumb Code     0  startup.o(RESET)
    FPU_Handler                              0x00000287   Thumb Code     0  startup.o(RESET)
    Fan0_Handler                             0x00000287   Thumb Code     0  startup.o(RESET)
    FlashCtl_Handler                         0x00000287   Thumb Code     0  startup.o(RESET)
    GPIOPortF_Handler                        0x00000287   Thumb Code     0  startup.o(RESET)
    GPIOPortG_Handler                        0x00000287   Thumb Code     0  startup.o(RESET)
    GPIOPortH_Handler                        0x00000287   Thumb Code     0  startup.o(RESET)
    GPIOPortJ_Handler                        0x00000287   Thumb Code     0  startup.o(RESET)
    GPIOPortK_Handler                        0x00000287   Thumb Code     0  startup.o(RESET)
    GPIOPortL_Handler                        0x00000287   Thumb Code     0  startup.o(RESET)
    GPIOPortM_Handler                        0x00000287   Thumb Code     0  startup.o(RESET)
    GPIOPortN_Handler                        0x00000287   Thumb Code     0  startup.o(RESET)
    GPIOPortP1_Handler                       0x00000287   Thumb Code     0  startup.o(RESET)
    GPIOPortP2_Handler                       0x00000287   Thumb Code     0  startup.o(RESET)
    GPIOPortP3_Handler                       0x00000287   Thumb Code     0  startup.o(RESET)
    GPIOPortP4_Handler                       0x00000287   Thumb Code     0  startup.o(RESET)
    GPIOPortP5_Handler                       0x00000287   Thumb Code     0  startup.o(RESET)
    GPIOPortP6_Handler                       0x00000287   Thumb Code     0  startup.o(RESET)
    GPIOPortP7_Handler                       0x00000287   Thumb Code     0  startup.o(RESET)
    GPIOPortP_Handler                        0x00000287   Thumb Code     0  startup.o(RESET)
    GPIOPortQ1_Handler                       0x00000287   Thumb Code     0  startup.o(RESET)
    GPIOPortQ2_Handler                       0x00000287   Thumb Code     0  startup.o(RESET)
    GPIOPortQ3_Handler                       0x00000287   Thumb Code     0  startup.o(RESET)
    GPIOPortQ4_Handler                       0x00000287   Thumb Code     0  startup.o(RESET)
    GPIOPortQ5_Handler                       0x00000287   Thumb Code     0  startup.o(RESET)
    GPIOPortQ6_Handler                       0x00000287   Thumb Code     0  startup.o(RESET)
    GPIOPortQ7_Handler                       0x00000287   Thumb Code     0  startup.o(RESET)
    GPIOPortQ_Handler                        0x00000287   Thumb Code     0  startup.o(RESET)
    GPIOPortR_Handler                        0x00000287   Thumb Code     0  startup.o(RESET)
    GPIOPortS_Handler                        0x00000287   Thumb Code     0  startup.o(RESET)
    Hibernate_Handler                        0x00000287   Thumb Code     0  startup.o(RESET)
    I2C1_Handler                             0x00000287   Thumb Code     0  startup.o(RESET)
    I2C2_Handler                             0x00000287   Thumb Code     0  startup.o(RESET)
    I2C3_Handler                             0x00000287   Thumb Code     0  startup.o(RESET)
    I2C4_Handler                             0x00000287   Thumb Code     0  startup.o(RESET)
    I2C5_Handler                             0x00000287   Thumb Code     0  startup.o(RESET)
    I2S0_Handler                             0x00000287   Thumb Code     0  startup.o(RESET)
    LPC0_Handler                             0x00000287   Thumb Code     0  startup.o(RESET)
    PECI0_Handler                            0x00000287   Thumb Code     0  startup.o(RESET)
    PWM0Generator3_Handler                   0x00000287   Thumb Code     0  startup.o(RESET)
    PWM1Fault_Handler                        0x00000287   Thumb Code     0  startup.o(RESET)
    PWM1Generator0_Handler                   0x00000287   Thumb Code     0  startup.o(RESET)
    PWM1Generator1_Handler                   0x00000287   Thumb Code     0  startup.o(RESET)
    PWM1Generator2_Handler                   0x00000287   Thumb Code     0  startup.o(RESET)
    PWM1Generator3_Handler                   0x00000287   Thumb Code     0  startup.o(RESET)
    Quadrature1_Handler                      0x00000287   Thumb Code     0  startup.o(RESET)
    Quadrature2_Handler                      0x00000287   Thumb Code     0  startup.o(RESET)
    SSI1_Handler                             0x00000287   Thumb Code     0  startup.o(RESET)
    SSI2_Handler                             0x00000287   Thumb Code     0  startup.o(RESET)
    SSI3_Handler                             0x00000287   Thumb Code     0  startup.o(RESET)
    SysCtl_Handler                           0x00000287   Thumb Code     0  startup.o(RESET)
    Timer0B_Handler                          0x00000287   Thumb Code     0  startup.o(RESET)
    Timer1A_Handler                          0x00000287   Thumb Code     0  startup.o(RESET)
    Timer1B_Handler                          0x00000287   Thumb Code     0  startup.o(RESET)
    Timer2A_Handler                          0x00000287   Thumb Code     0  startup.o(RESET)
    Timer2B_Handler                          0x00000287   Thumb Code     0  startup.o(RESET)
    Timer3A_Handler                          0x00000287   Thumb Code     0  startup.o(RESET)
    Timer3B_Handler                          0x00000287   Thumb Code     0  startup.o(RESET)
    Timer4A_Handler                          0x00000287   Thumb Code     0  startup.o(RESET)
    Timer4B_Handler                          0x00000287   Thumb Code     0  startup.o(RESET)
    Timer5A_Handler                          0x00000287   Thumb Code     0  startup.o(RESET)
    Timer5B_Handler                          0x00000287   Thumb Code     0  startup.o(RESET)
    UART2_Handler                            0x00000287   Thumb Code     0  startup.o(RESET)
    UART3_Handler                            0x00000287   Thumb Code     0  startup.o(RESET)
    UART4_Handler                            0x00000287   Thumb Code     0  startup.o(RESET)
    UART5_Handler                            0x00000287   Thumb Code     0  startup.o(RESET)
    UART6_Handler                            0x00000287   Thumb Code     0  startup.o(RESET)
    UART7_Handler                            0x00000287   Thumb Code     0  startup.o(RESET)
    USB0_Handler                             0x00000287   Thumb Code     0  startup.o(RESET)
    WideTimer0A_Handler                      0x00000287   Thumb Code     0  startup.o(RESET)
    WideTimer0B_Handler                      0x00000287   Thumb Code     0  startup.o(RESET)
    WideTimer1A_Handler                      0x00000287   Thumb Code     0  startup.o(RESET)
    WideTimer1B_Handler                      0x00000287   Thumb Code     0  startup.o(RESET)
    WideTimer2A_Handler                      0x00000287   Thumb Code     0  startup.o(RESET)
    WideTimer2B_Handler                      0x00000287   Thumb Code     0  startup.o(RESET)
    WideTimer3A_Handler                      0x00000287   Thumb Code     0  startup.o(RESET)
    WideTimer3B_Handler                      0x00000287   Thumb Code     0  startup.o(RESET)
    WideTimer4A_Handler                      0x00000287   Thumb Code     0  startup.o(RESET)
    WideTimer4B_Handler                      0x00000287   Thumb Code     0  startup.o(RESET)
    WideTimer5A_Handler                      0x00000287   Thumb Code     0  startup.o(RESET)
    WideTimer5B_Handler                      0x00000287   Thumb Code     0  startup.o(RESET)
    uDMA_Error                               0x00000287   Thumb Code     0  startup.o(RESET)
    uDMA_Handler                             0x00000287   Thumb Code     0  startup.o(RESET)
    OutStr                                   0x00000289   Thumb Code     0  outstr.o(.text)
    __use_two_region_memory                  0x00000375   Thumb Code     2  heapauxi.o(.text)
    __rt_heap_escrow$2region                 0x00000377   Thumb Code     2  heapauxi.o(.text)
    __rt_heap_expand$2region                 0x00000379   Thumb Code     2  heapauxi.o(.text)
    __main                                   0x0000037d   Thumb Code    16  main.o(main)
    CONVRT                                   0x0000038d   Thumb Code    78  convrt.o(main)
    My_Timer0A_Handler                       0x000003dd   Thumb Code    60  pulse.o(routines)
    PULSE_INIT                               0x00000419   Thumb Code   164  pulse.o(routines)
    INIT                                     0x00000501   Thumb Code   126  init.o(routines)
    HANDLER                                  0x000005ad   Thumb Code   250  handler.o(routines)



==============================================================================

Memory Map of the image

  Image Entry point : 0x0000026d

  Load Region LR_1 (Base: 0x00000000, Size: 0x00000b04, Max: 0xffffffff, ABSOLUTE)

    Execution Region ER_RO (Exec base: 0x00000000, Load base: 0x00000000, Size: 0x00000704, Max: 0xffffffff, ABSOLUTE)

    Exec Addr    Load Addr    Size         Type   Attr      Idx    E Section Name        Object

    0x00000000   0x00000000   0x00000288   Code   RO           20  * RESET               startup.o
    0x00000288   0x00000288   0x000000ec   Code   RO            1    .text               outstr.o
    0x00000374   0x00000374   0x00000006   Code   RO           40    .text               c_w.l(heapauxi.o)
    0x0000037a   0x0000037a   0x00000002   PAD
    0x0000037c   0x0000037c   0x00000010   Code   RO           10    main                main.o
    0x0000038c   0x0000038c   0x0000004e   Code   RO           34    main                convrt.o
    0x000003da   0x000003da   0x00000002   PAD
    0x000003dc   0x000003dc   0x00000124   Code   RO            6    routines            pulse.o
    0x00000500   0x00000500   0x000000ac   Code   RO           14    routines            init.o
    0x000005ac   0x000005ac   0x00000124   Code   RO           28    routines            handler.o
    0x000006d0   0x000006d0   0x00000032   Code   RO           27    sdata               handler.o


    Execution Region ER_RW (Exec base: 0x20000000, Load base: 0x00000704, Size: 0x00000400, Max: 0xffffffff, ABSOLUTE)

    Exec Addr    Load Addr    Size         Type   Attr      Idx    E Section Name        Object

    0x20000000   0x00000704   0x00000400   Data   RW           18    STACK               startup.o


    Execution Region ER_ZI (Exec base: 0x20000400, Load base: 0x00000b04, Size: 0x00000000, Max: 0xffffffff, ABSOLUTE)

    **** No section assigned to this execution region ****


==============================================================================

Image component sizes


      Code (inc. data)   RO Data    RW Data    ZI Data      Debug   Object Name

        78          0          0          0          0        404   convrt.o
       342         92          0          0          0        636   handler.o
       172         46          0          0          0        396   init.o
        16          0          0          0          0        352   main.o
       236         54          0          0          0        372   outstr.o
       292         68          0          0          0        528   pulse.o
       648        620          0       1024          0        796   startup.o

    ----------------------------------------------------------------------
      1788        882          0       1024          0       3484   Object Totals
         0          0          0          0          0          0   (incl. Generated)
         4          2          0          0          0          0   (incl. Padding)

    ----------------------------------------------------------------------

      Code (inc. data)   RO Data    RW Data    ZI Data      Debug   Library Member Name

         6          0          0          0          0        152   heapauxi.o

    ----------------------------------------------------------------------
         8          0          0          0          0        152   Library Totals
         2          0          0          0          0          0   (incl. Padding)

    ----------------------------------------------------------------------

      Code (inc. data)   RO Data    RW Data    ZI Data      Debug   Library Name

         6          0          0          0          0        152   c_w.l

    ----------------------------------------------------------------------
         8          0          0          0          0        152   Library Totals

    ----------------------------------------------------------------------

==============================================================================


      Code (inc. data)   RO Data    RW Data    ZI Data      Debug   

      1796        882          0       1024          0       3136   Grand Totals
      1796        882          0       1024          0       3136   ELF Image Totals
      1796        882          0       1024          0          0   ROM Totals

==============================================================================

    Total RO  Size (Code + RO Data)                 1796 (   1.75kB)
    Total RW  Size (RW Data + ZI Data)              1024 (   1.00kB)
    Total ROM Size (Code + RO Data + RW Data)       2820 (   2.75kB)

==============================================================================

