Component: ARM Compiler 6.16 Tool: armlink [5dfeaa00]

==============================================================================

Section Cross References

    startup.o(STACK) refers (Special) to heapauxi.o(.text) for __use_two_region_memory
    startup.o(HEAP) refers (Special) to heapauxi.o(.text) for __use_two_region_memory
    startup.o(RESET) refers (Special) to heapauxi.o(.text) for __use_two_region_memory
    startup.o(RESET) refers to startup.o(STACK) for StackMem
    startup.o(RESET) refers to program_directives.o(init_isr) for __main
    startup.o(RESET) refers to stepper.o(main) for stepper
    startup.o(.text) refers (Special) to heapauxi.o(.text) for __use_two_region_memory
    startup.o(.text) refers to startup.o(HEAP) for HeapMem
    startup.o(.text) refers to startup.o(STACK) for StackMem
    program_directives.o(init_isr) refers to init_port_b.o(main) for init_port_b
    program_directives.o(init_isr) refers to init_sys_tick.o(init_isr) for InitSysTick
    program_directives.o(init_isr) refers to delay.o(main) for delay


==============================================================================

Removing Unused input sections from the image.

    Removing inchar.o(.text), (188 bytes).
    Removing outchar.o(.text), (220 bytes).
    Removing outstr.o(.text), (236 bytes).
    Removing startup.o(HEAP), (0 bytes).
    Removing startup.o(.text), (48 bytes).

5 unused section(s) (total 692 bytes) removed from the image.

==============================================================================

Image Symbol Table

    Local Symbols

    Symbol Name                              Value     Ov Type        Size  Object(Section)

    ../clib/heapaux.c                        0x00000000   Number         0  heapauxi.o ABSOLUTE
    InChar.s                                 0x00000000   Number         0  inchar.o ABSOLUTE
    OutChar.s                                0x00000000   Number         0  outchar.o ABSOLUTE
    OutStr.s                                 0x00000000   Number         0  outstr.o ABSOLUTE
    Program_Directives.s                     0x00000000   Number         0  program_directives.o ABSOLUTE
    Startup.s                                0x00000000   Number         0  startup.o ABSOLUTE
    dc.s                                     0x00000000   Number         0  dc.o ABSOLUTE
    delay.s                                  0x00000000   Number         0  delay.o ABSOLUTE
    init_port_b.s                            0x00000000   Number         0  init_port_b.o ABSOLUTE
    init_sys_tick.s                          0x00000000   Number         0  init_sys_tick.o ABSOLUTE
    stepper.s                                0x00000000   Number         0  stepper.o ABSOLUTE
    RESET                                    0x00000000   Section      648  startup.o(RESET)
    $v0                                      0x0000026c   Number         0  startup.o(RESET)
    .text                                    0x00000288   Section        0  heapauxi.o(.text)
    $v0                                      0x00000290   Number         0  init_sys_tick.o(init_isr)
    init_isr                                 0x00000290   Section       56  init_sys_tick.o(init_isr)
    $v0                                      0x000002c8   Number         0  program_directives.o(init_isr)
    init_isr                                 0x000002c8   Section      132  program_directives.o(init_isr)
    $v0                                      0x0000034c   Number         0  stepper.o(main)
    main                                     0x0000034c   Section      128  stepper.o(main)
    $v0                                      0x000003cc   Number         0  delay.o(main)
    main                                     0x000003cc   Section       12  delay.o(main)
    $v0                                      0x000003d8   Number         0  init_port_b.o(main)
    main                                     0x000003d8   Section       96  init_port_b.o(main)
    StackMem                                 0x20000000   Data           0  startup.o(STACK)
    STACK                                    0x20000000   Section     1024  startup.o(STACK)

    Global Symbols

    Symbol Name                              Value     Ov Type        Size  Object(Section)

    BuildAttributes$$THM_ISAv4$E$P$D$K$B$S$7EM$VFPi3$EXTD16$VFPS$VFMA$PE$A:L22UL41UL21$X:L11$S22US41US21$IEEE1$IW$~IW$USESV6$~STKCKD$USESV7$~SHL$OSPACE$ROPI$EBA8$STANDARDLIB$REQ8$EABIv2 0x00000000   Number         0  anon$$obj.o ABSOLUTE
    __Vectors                                0x00000000   Data           0  startup.o(RESET)
    Reset_Handler                            0x0000026d   Thumb Code     0  startup.o(RESET)
    NMI_Handler                              0x00000271   Thumb Code     2  startup.o(RESET)
    HardFault_Handler                        0x00000273   Thumb Code     2  startup.o(RESET)
    MemManage_Handler                        0x00000275   Thumb Code     2  startup.o(RESET)
    BusFault_Handler                         0x00000277   Thumb Code     2  startup.o(RESET)
    UsageFault_Handler                       0x00000279   Thumb Code     2  startup.o(RESET)
    SVC_Handler                              0x0000027b   Thumb Code     2  startup.o(RESET)
    DebugMon_Handler                         0x0000027d   Thumb Code     2  startup.o(RESET)
    PendSV_Handler                           0x0000027f   Thumb Code     2  startup.o(RESET)
    SysTick_Handler                          0x00000281   Thumb Code     4  startup.o(RESET)
    ADC0Seq0_Handler                         0x00000285   Thumb Code     0  startup.o(RESET)
    ADC0Seq1_Handler                         0x00000285   Thumb Code     0  startup.o(RESET)
    ADC0Seq2_Handler                         0x00000285   Thumb Code     0  startup.o(RESET)
    ADC0Seq3_Handler                         0x00000285   Thumb Code     0  startup.o(RESET)
    ADC1Seq0_Handler                         0x00000285   Thumb Code     0  startup.o(RESET)
    ADC1Seq1_Handler                         0x00000285   Thumb Code     0  startup.o(RESET)
    ADC1Seq2_Handler                         0x00000285   Thumb Code     0  startup.o(RESET)
    ADC1Seq3_Handler                         0x00000285   Thumb Code     0  startup.o(RESET)
    CAN0_Handler                             0x00000285   Thumb Code     0  startup.o(RESET)
    CAN1_Handler                             0x00000285   Thumb Code     0  startup.o(RESET)
    CAN2_Handler                             0x00000285   Thumb Code     0  startup.o(RESET)
    Comp0_Handler                            0x00000285   Thumb Code     0  startup.o(RESET)
    Comp1_Handler                            0x00000285   Thumb Code     0  startup.o(RESET)
    Comp2_Handler                            0x00000285   Thumb Code     0  startup.o(RESET)
    Ethernet_Handler                         0x00000285   Thumb Code     0  startup.o(RESET)
    ExtBus_Handler                           0x00000285   Thumb Code     0  startup.o(RESET)
    FPU_Handler                              0x00000285   Thumb Code     0  startup.o(RESET)
    Fan0_Handler                             0x00000285   Thumb Code     0  startup.o(RESET)
    FlashCtl_Handler                         0x00000285   Thumb Code     0  startup.o(RESET)
    GPIOPortA_Handler                        0x00000285   Thumb Code     0  startup.o(RESET)
    GPIOPortB_Handler                        0x00000285   Thumb Code     0  startup.o(RESET)
    GPIOPortC_Handler                        0x00000285   Thumb Code     0  startup.o(RESET)
    GPIOPortD_Handler                        0x00000285   Thumb Code     0  startup.o(RESET)
    GPIOPortE_Handler                        0x00000285   Thumb Code     0  startup.o(RESET)
    GPIOPortF_Handler                        0x00000285   Thumb Code     0  startup.o(RESET)
    GPIOPortG_Handler                        0x00000285   Thumb Code     0  startup.o(RESET)
    GPIOPortH_Handler                        0x00000285   Thumb Code     0  startup.o(RESET)
    GPIOPortJ_Handler                        0x00000285   Thumb Code     0  startup.o(RESET)
    GPIOPortK_Handler                        0x00000285   Thumb Code     0  startup.o(RESET)
    GPIOPortL_Handler                        0x00000285   Thumb Code     0  startup.o(RESET)
    GPIOPortM_Handler                        0x00000285   Thumb Code     0  startup.o(RESET)
    GPIOPortN_Handler                        0x00000285   Thumb Code     0  startup.o(RESET)
    GPIOPortP1_Handler                       0x00000285   Thumb Code     0  startup.o(RESET)
    GPIOPortP2_Handler                       0x00000285   Thumb Code     0  startup.o(RESET)
    GPIOPortP3_Handler                       0x00000285   Thumb Code     0  startup.o(RESET)
    GPIOPortP4_Handler                       0x00000285   Thumb Code     0  startup.o(RESET)
    GPIOPortP5_Handler                       0x00000285   Thumb Code     0  startup.o(RESET)
    GPIOPortP6_Handler                       0x00000285   Thumb Code     0  startup.o(RESET)
    GPIOPortP7_Handler                       0x00000285   Thumb Code     0  startup.o(RESET)
    GPIOPortP_Handler                        0x00000285   Thumb Code     0  startup.o(RESET)
    GPIOPortQ1_Handler                       0x00000285   Thumb Code     0  startup.o(RESET)
    GPIOPortQ2_Handler                       0x00000285   Thumb Code     0  startup.o(RESET)
    GPIOPortQ3_Handler                       0x00000285   Thumb Code     0  startup.o(RESET)
    GPIOPortQ4_Handler                       0x00000285   Thumb Code     0  startup.o(RESET)
    GPIOPortQ5_Handler                       0x00000285   Thumb Code     0  startup.o(RESET)
    GPIOPortQ6_Handler                       0x00000285   Thumb Code     0  startup.o(RESET)
    GPIOPortQ7_Handler                       0x00000285   Thumb Code     0  startup.o(RESET)
    GPIOPortQ_Handler                        0x00000285   Thumb Code     0  startup.o(RESET)
    GPIOPortR_Handler                        0x00000285   Thumb Code     0  startup.o(RESET)
    GPIOPortS_Handler                        0x00000285   Thumb Code     0  startup.o(RESET)
    Hibernate_Handler                        0x00000285   Thumb Code     0  startup.o(RESET)
    I2C0_Handler                             0x00000285   Thumb Code     0  startup.o(RESET)
    I2C1_Handler                             0x00000285   Thumb Code     0  startup.o(RESET)
    I2C2_Handler                             0x00000285   Thumb Code     0  startup.o(RESET)
    I2C3_Handler                             0x00000285   Thumb Code     0  startup.o(RESET)
    I2C4_Handler                             0x00000285   Thumb Code     0  startup.o(RESET)
    I2C5_Handler                             0x00000285   Thumb Code     0  startup.o(RESET)
    I2S0_Handler                             0x00000285   Thumb Code     0  startup.o(RESET)
    LPC0_Handler                             0x00000285   Thumb Code     0  startup.o(RESET)
    PECI0_Handler                            0x00000285   Thumb Code     0  startup.o(RESET)
    PWM0Fault_Handler                        0x00000285   Thumb Code     0  startup.o(RESET)
    PWM0Generator0_Handler                   0x00000285   Thumb Code     0  startup.o(RESET)
    PWM0Generator1_Handler                   0x00000285   Thumb Code     0  startup.o(RESET)
    PWM0Generator2_Handler                   0x00000285   Thumb Code     0  startup.o(RESET)
    PWM0Generator3_Handler                   0x00000285   Thumb Code     0  startup.o(RESET)
    PWM1Fault_Handler                        0x00000285   Thumb Code     0  startup.o(RESET)
    PWM1Generator0_Handler                   0x00000285   Thumb Code     0  startup.o(RESET)
    PWM1Generator1_Handler                   0x00000285   Thumb Code     0  startup.o(RESET)
    PWM1Generator2_Handler                   0x00000285   Thumb Code     0  startup.o(RESET)
    PWM1Generator3_Handler                   0x00000285   Thumb Code     0  startup.o(RESET)
    Quadrature0_Handler                      0x00000285   Thumb Code     0  startup.o(RESET)
    Quadrature1_Handler                      0x00000285   Thumb Code     0  startup.o(RESET)
    Quadrature2_Handler                      0x00000285   Thumb Code     0  startup.o(RESET)
    SSI0_Handler                             0x00000285   Thumb Code     0  startup.o(RESET)
    SSI1_Handler                             0x00000285   Thumb Code     0  startup.o(RESET)
    SSI2_Handler                             0x00000285   Thumb Code     0  startup.o(RESET)
    SSI3_Handler                             0x00000285   Thumb Code     0  startup.o(RESET)
    SysCtl_Handler                           0x00000285   Thumb Code     0  startup.o(RESET)
    Timer0A_Handler                          0x00000285   Thumb Code     0  startup.o(RESET)
    Timer0B_Handler                          0x00000285   Thumb Code     0  startup.o(RESET)
    Timer1A_Handler                          0x00000285   Thumb Code     0  startup.o(RESET)
    Timer1B_Handler                          0x00000285   Thumb Code     0  startup.o(RESET)
    Timer2A_Handler                          0x00000285   Thumb Code     0  startup.o(RESET)
    Timer2B_Handler                          0x00000285   Thumb Code     0  startup.o(RESET)
    Timer3A_Handler                          0x00000285   Thumb Code     0  startup.o(RESET)
    Timer3B_Handler                          0x00000285   Thumb Code     0  startup.o(RESET)
    Timer4A_Handler                          0x00000285   Thumb Code     0  startup.o(RESET)
    Timer4B_Handler                          0x00000285   Thumb Code     0  startup.o(RESET)
    Timer5A_Handler                          0x00000285   Thumb Code     0  startup.o(RESET)
    Timer5B_Handler                          0x00000285   Thumb Code     0  startup.o(RESET)
    UART0_Handler                            0x00000285   Thumb Code     0  startup.o(RESET)
    UART1_Handler                            0x00000285   Thumb Code     0  startup.o(RESET)
    UART2_Handler                            0x00000285   Thumb Code     0  startup.o(RESET)
    UART3_Handler                            0x00000285   Thumb Code     0  startup.o(RESET)
    UART4_Handler                            0x00000285   Thumb Code     0  startup.o(RESET)
    UART5_Handler                            0x00000285   Thumb Code     0  startup.o(RESET)
    UART6_Handler                            0x00000285   Thumb Code     0  startup.o(RESET)
    UART7_Handler                            0x00000285   Thumb Code     0  startup.o(RESET)
    USB0_Handler                             0x00000285   Thumb Code     0  startup.o(RESET)
    WDT_Handler                              0x00000285   Thumb Code     0  startup.o(RESET)
    WideTimer0A_Handler                      0x00000285   Thumb Code     0  startup.o(RESET)
    WideTimer0B_Handler                      0x00000285   Thumb Code     0  startup.o(RESET)
    WideTimer1A_Handler                      0x00000285   Thumb Code     0  startup.o(RESET)
    WideTimer1B_Handler                      0x00000285   Thumb Code     0  startup.o(RESET)
    WideTimer2A_Handler                      0x00000285   Thumb Code     0  startup.o(RESET)
    WideTimer2B_Handler                      0x00000285   Thumb Code     0  startup.o(RESET)
    WideTimer3A_Handler                      0x00000285   Thumb Code     0  startup.o(RESET)
    WideTimer3B_Handler                      0x00000285   Thumb Code     0  startup.o(RESET)
    WideTimer4A_Handler                      0x00000285   Thumb Code     0  startup.o(RESET)
    WideTimer4B_Handler                      0x00000285   Thumb Code     0  startup.o(RESET)
    WideTimer5A_Handler                      0x00000285   Thumb Code     0  startup.o(RESET)
    WideTimer5B_Handler                      0x00000285   Thumb Code     0  startup.o(RESET)
    uDMA_Error                               0x00000285   Thumb Code     0  startup.o(RESET)
    uDMA_Handler                             0x00000285   Thumb Code     0  startup.o(RESET)
    __use_two_region_memory                  0x00000289   Thumb Code     2  heapauxi.o(.text)
    __rt_heap_escrow$2region                 0x0000028b   Thumb Code     2  heapauxi.o(.text)
    __rt_heap_expand$2region                 0x0000028d   Thumb Code     2  heapauxi.o(.text)
    InitSysTick                              0x00000291   Thumb Code    38  init_sys_tick.o(init_isr)
    __main                                   0x000002c9   Thumb Code   122  program_directives.o(init_isr)
    stepper                                  0x0000034d   Thumb Code   118  stepper.o(main)
    delay                                    0x000003cd   Thumb Code    12  delay.o(main)
    init_port_b                              0x000003d9   Thumb Code    70  init_port_b.o(main)



==============================================================================

Memory Map of the image

  Image Entry point : 0x0000026d

  Load Region LR_1 (Base: 0x00000000, Size: 0x00000838, Max: 0xffffffff, ABSOLUTE)

    Execution Region ER_RO (Exec base: 0x00000000, Load base: 0x00000000, Size: 0x00000438, Max: 0xffffffff, ABSOLUTE)

    Exec Addr    Load Addr    Size         Type   Attr      Idx    E Section Name        Object

    0x00000000   0x00000000   0x00000288   Code   RO           14  * RESET               startup.o
    0x00000288   0x00000288   0x00000006   Code   RO           43    .text               c_w.l(heapauxi.o)
    0x0000028e   0x0000028e   0x00000002   PAD
    0x00000290   0x00000290   0x00000038   Code   RO           33    init_isr            init_sys_tick.o
    0x000002c8   0x000002c8   0x00000084   Code   RO           37    init_isr            program_directives.o
    0x0000034c   0x0000034c   0x00000080   Code   RO           21    main                stepper.o
    0x000003cc   0x000003cc   0x0000000c   Code   RO           25    main                delay.o
    0x000003d8   0x000003d8   0x00000060   Code   RO           29    main                init_port_b.o


    Execution Region ER_RW (Exec base: 0x20000000, Load base: 0x00000438, Size: 0x00000400, Max: 0xffffffff, ABSOLUTE)

    Exec Addr    Load Addr    Size         Type   Attr      Idx    E Section Name        Object

    0x20000000   0x00000438   0x00000400   Data   RW           12    STACK               startup.o


    Execution Region ER_ZI (Exec base: 0x20000400, Load base: 0x00000838, Size: 0x00000000, Max: 0xffffffff, ABSOLUTE)

    **** No section assigned to this execution region ****


==============================================================================

Image component sizes


      Code (inc. data)   RO Data    RW Data    ZI Data      Debug   Object Name

        12          0          0          0          0        304   delay.o
         0          0          0          0          0         32   inchar.o
        96         26          0          0          0        348   init_port_b.o
        56         18          0          0          0        344   init_sys_tick.o
       132         10          0          0          0        372   program_directives.o
       648        622          0       1024          0        712   startup.o
       128         10          0          0          0        356   stepper.o

    ----------------------------------------------------------------------
      1072        686          0       1024          0       2468   Object Totals
         0          0          0          0          0          0   (incl. Generated)
         0          0          0          0          0          0   (incl. Padding)

    ----------------------------------------------------------------------

      Code (inc. data)   RO Data    RW Data    ZI Data      Debug   Library Member Name

         6          0          0          0          0        152   heapauxi.o

    ----------------------------------------------------------------------
         8          0          0          0          0        152   Library Totals
         2          0          0          0          0          0   (incl. Padding)

    ----------------------------------------------------------------------

      Code (inc. data)   RO Data    RW Data    ZI Data      Debug   Library Name

         6          0          0          0          0        152   c_w.l

    ----------------------------------------------------------------------
         8          0          0          0          0        152   Library Totals

    ----------------------------------------------------------------------

==============================================================================


      Code (inc. data)   RO Data    RW Data    ZI Data      Debug   

      1080        686          0       1024          0       2120   Grand Totals
      1080        686          0       1024          0       2120   ELF Image Totals
      1080        686          0       1024          0          0   ROM Totals

==============================================================================

    Total RO  Size (Code + RO Data)                 1080 (   1.05kB)
    Total RW  Size (RW Data + ZI Data)              1024 (   1.00kB)
    Total ROM Size (Code + RO Data + RW Data)       2104 (   2.05kB)

==============================================================================

