Component: ARM Compiler 5.06 update 7 (build 960) Tool: armlink [4d3601]

==============================================================================

Section Cross References

    startup.o(STACK) refers (Special) to heapauxi.o(.text) for __use_two_region_memory
    startup.o(HEAP) refers (Special) to heapauxi.o(.text) for __use_two_region_memory
    startup.o(RESET) refers (Special) to heapauxi.o(.text) for __use_two_region_memory
    startup.o(RESET) refers to startup.o(STACK) for StackMem
    startup.o(RESET) refers to main.o(main) for __main
    startup.o(RESET) refers to isr.o(subroutine) for ISR
    startup.o(RESET) refers to isr1.o(subroutine) for ISR1
    startup.o(.text) refers (Special) to heapauxi.o(.text) for __use_two_region_memory
    startup.o(.text) refers to startup.o(HEAP) for HeapMem
    startup.o(.text) refers to startup.o(STACK) for StackMem
    main.o(main) refers to portbconfig.o(subroutine) for PORTBCONFIG
    main.o(main) refers to initsytstick.o(subroutine) for INITSYSTICK
    main.o(main) refers to drive.o(subroutine) for DRIVE
    stepdrive.o(main) refers to delay100ms.o(subroutine) for DELAY100ms
    drive.o(subroutine) refers to delay100ms.o(subroutine) for DELAY100ms


==============================================================================

Removing Unused input sections from the image.

    Removing startup.o(HEAP), (0 bytes).
    Removing startup.o(.text), (48 bytes).
    Removing stepdrive.o(main), (192 bytes).

3 unused section(s) (total 240 bytes) removed from the image.

==============================================================================

Image Symbol Table

    Local Symbols

    Symbol Name                              Value     Ov Type        Size  Object(Section)

    RESET                                    0x00000000   Section      656  startup.o(RESET)
    ../clib/heapaux.c                        0x00000000   Number         0  heapauxi.o ABSOLUTE
    ..\..\..\..\Downloads\Startup.s          0x00000000   Number         0  startup.o ABSOLUTE
    ..\INITSYTSTICK.s                        0x00000000   Number         0  initsytstick.o ABSOLUTE
    ..\ISR.s                                 0x00000000   Number         0  isr.o ABSOLUTE
    ..\PORTBCONFIG.s                         0x00000000   Number         0  portbconfig.o ABSOLUTE
    ..\q3\DELAY100ms.s                       0x00000000   Number         0  delay100ms.o ABSOLUTE
    ..\q3\STEPDRIVE.s                        0x00000000   Number         0  stepdrive.o ABSOLUTE
    DRIVE.s                                  0x00000000   Number         0  drive.o ABSOLUTE
    ISR1.s                                   0x00000000   Number         0  isr1.o ABSOLUTE
    dc.s                                     0x00000000   Number         0  dc.o ABSOLUTE
    main.s                                   0x00000000   Number         0  main.o ABSOLUTE
    $v0                                      0x0000026c   Number         0  startup.o(RESET)
    .text                                    0x00000290   Section        0  heapauxi.o(.text)
    main                                     0x00000298   Section       14  main.o(main)
    $v0                                      0x00000298   Number         0  main.o(main)
    subroutine                               0x000002a8   Section       12  delay100ms.o(subroutine)
    $v0                                      0x000002a8   Number         0  delay100ms.o(subroutine)
    subroutine                               0x000002b4   Section       56  initsytstick.o(subroutine)
    $v0                                      0x000002b4   Number         0  initsytstick.o(subroutine)
    subroutine                               0x000002ec   Section       68  portbconfig.o(subroutine)
    $v0                                      0x000002ec   Number         0  portbconfig.o(subroutine)
    subroutine                               0x00000330   Section      272  drive.o(subroutine)
    $v0                                      0x00000330   Number         0  drive.o(subroutine)
    subroutine                               0x00000440   Section       44  isr.o(subroutine)
    $v0                                      0x00000440   Number         0  isr.o(subroutine)
    subroutine                               0x0000046c   Section       44  isr1.o(subroutine)
    $v0                                      0x0000046c   Number         0  isr1.o(subroutine)
    STACK                                    0x20000000   Section     1024  startup.o(STACK)
    StackMem                                 0x20000000   Data           0  startup.o(STACK)

    Global Symbols

    Symbol Name                              Value     Ov Type        Size  Object(Section)

    BuildAttributes$$THM_ISAv4$E$P$D$K$B$S$7EM$VFPi3$EXTD16$VFPS$VFMA$PE$A:L22UL41UL21$X:L11$S22US41US21$IEEE1$IW$USESV6$~STKCKD$USESV7$~SHL$OSPACE$ROPI$EBA8$STANDARDLIB$REQ8$PRES8$EABIv2 0x00000000   Number         0  anon$$obj.o ABSOLUTE
    __Vectors                                0x00000000   Data           0  startup.o(RESET)
    Reset_Handler                            0x0000026d   Thumb Code     0  startup.o(RESET)
    NMI_Handler                              0x00000271   Thumb Code     2  startup.o(RESET)
    HardFault_Handler                        0x00000273   Thumb Code     2  startup.o(RESET)
    MemManage_Handler                        0x00000275   Thumb Code     2  startup.o(RESET)
    BusFault_Handler                         0x00000277   Thumb Code     2  startup.o(RESET)
    UsageFault_Handler                       0x00000279   Thumb Code     2  startup.o(RESET)
    SVC_Handler                              0x0000027b   Thumb Code     2  startup.o(RESET)
    DebugMon_Handler                         0x0000027d   Thumb Code     2  startup.o(RESET)
    PendSV_Handler                           0x0000027f   Thumb Code     2  startup.o(RESET)
    SysTick_Handler                          0x00000281   Thumb Code    12  startup.o(RESET)
    ADC0Seq0_Handler                         0x0000028d   Thumb Code     0  startup.o(RESET)
    ADC0Seq1_Handler                         0x0000028d   Thumb Code     0  startup.o(RESET)
    ADC0Seq2_Handler                         0x0000028d   Thumb Code     0  startup.o(RESET)
    ADC0Seq3_Handler                         0x0000028d   Thumb Code     0  startup.o(RESET)
    ADC1Seq0_Handler                         0x0000028d   Thumb Code     0  startup.o(RESET)
    ADC1Seq1_Handler                         0x0000028d   Thumb Code     0  startup.o(RESET)
    ADC1Seq2_Handler                         0x0000028d   Thumb Code     0  startup.o(RESET)
    ADC1Seq3_Handler                         0x0000028d   Thumb Code     0  startup.o(RESET)
    CAN0_Handler                             0x0000028d   Thumb Code     0  startup.o(RESET)
    CAN1_Handler                             0x0000028d   Thumb Code     0  startup.o(RESET)
    CAN2_Handler                             0x0000028d   Thumb Code     0  startup.o(RESET)
    Comp0_Handler                            0x0000028d   Thumb Code     0  startup.o(RESET)
    Comp1_Handler                            0x0000028d   Thumb Code     0  startup.o(RESET)
    Comp2_Handler                            0x0000028d   Thumb Code     0  startup.o(RESET)
    Ethernet_Handler                         0x0000028d   Thumb Code     0  startup.o(RESET)
    ExtBus_Handler                           0x0000028d   Thumb Code     0  startup.o(RESET)
    FPU_Handler                              0x0000028d   Thumb Code     0  startup.o(RESET)
    Fan0_Handler                             0x0000028d   Thumb Code     0  startup.o(RESET)
    FlashCtl_Handler                         0x0000028d   Thumb Code     0  startup.o(RESET)
    GPIOPortA_Handler                        0x0000028d   Thumb Code     0  startup.o(RESET)
    GPIOPortB_Handler                        0x0000028d   Thumb Code     0  startup.o(RESET)
    GPIOPortC_Handler                        0x0000028d   Thumb Code     0  startup.o(RESET)
    GPIOPortD_Handler                        0x0000028d   Thumb Code     0  startup.o(RESET)
    GPIOPortE_Handler                        0x0000028d   Thumb Code     0  startup.o(RESET)
    GPIOPortF_Handler                        0x0000028d   Thumb Code     0  startup.o(RESET)
    GPIOPortG_Handler                        0x0000028d   Thumb Code     0  startup.o(RESET)
    GPIOPortH_Handler                        0x0000028d   Thumb Code     0  startup.o(RESET)
    GPIOPortJ_Handler                        0x0000028d   Thumb Code     0  startup.o(RESET)
    GPIOPortK_Handler                        0x0000028d   Thumb Code     0  startup.o(RESET)
    GPIOPortL_Handler                        0x0000028d   Thumb Code     0  startup.o(RESET)
    GPIOPortM_Handler                        0x0000028d   Thumb Code     0  startup.o(RESET)
    GPIOPortN_Handler                        0x0000028d   Thumb Code     0  startup.o(RESET)
    GPIOPortP1_Handler                       0x0000028d   Thumb Code     0  startup.o(RESET)
    GPIOPortP2_Handler                       0x0000028d   Thumb Code     0  startup.o(RESET)
    GPIOPortP3_Handler                       0x0000028d   Thumb Code     0  startup.o(RESET)
    GPIOPortP4_Handler                       0x0000028d   Thumb Code     0  startup.o(RESET)
    GPIOPortP5_Handler                       0x0000028d   Thumb Code     0  startup.o(RESET)
    GPIOPortP6_Handler                       0x0000028d   Thumb Code     0  startup.o(RESET)
    GPIOPortP7_Handler                       0x0000028d   Thumb Code     0  startup.o(RESET)
    GPIOPortP_Handler                        0x0000028d   Thumb Code     0  startup.o(RESET)
    GPIOPortQ1_Handler                       0x0000028d   Thumb Code     0  startup.o(RESET)
    GPIOPortQ2_Handler                       0x0000028d   Thumb Code     0  startup.o(RESET)
    GPIOPortQ3_Handler                       0x0000028d   Thumb Code     0  startup.o(RESET)
    GPIOPortQ4_Handler                       0x0000028d   Thumb Code     0  startup.o(RESET)
    GPIOPortQ5_Handler                       0x0000028d   Thumb Code     0  startup.o(RESET)
    GPIOPortQ6_Handler                       0x0000028d   Thumb Code     0  startup.o(RESET)
    GPIOPortQ7_Handler                       0x0000028d   Thumb Code     0  startup.o(RESET)
    GPIOPortQ_Handler                        0x0000028d   Thumb Code     0  startup.o(RESET)
    GPIOPortR_Handler                        0x0000028d   Thumb Code     0  startup.o(RESET)
    GPIOPortS_Handler                        0x0000028d   Thumb Code     0  startup.o(RESET)
    Hibernate_Handler                        0x0000028d   Thumb Code     0  startup.o(RESET)
    I2C0_Handler                             0x0000028d   Thumb Code     0  startup.o(RESET)
    I2C1_Handler                             0x0000028d   Thumb Code     0  startup.o(RESET)
    I2C2_Handler                             0x0000028d   Thumb Code     0  startup.o(RESET)
    I2C3_Handler                             0x0000028d   Thumb Code     0  startup.o(RESET)
    I2C4_Handler                             0x0000028d   Thumb Code     0  startup.o(RESET)
    I2C5_Handler                             0x0000028d   Thumb Code     0  startup.o(RESET)
    I2S0_Handler                             0x0000028d   Thumb Code     0  startup.o(RESET)
    LPC0_Handler                             0x0000028d   Thumb Code     0  startup.o(RESET)
    PECI0_Handler                            0x0000028d   Thumb Code     0  startup.o(RESET)
    PWM0Fault_Handler                        0x0000028d   Thumb Code     0  startup.o(RESET)
    PWM0Generator0_Handler                   0x0000028d   Thumb Code     0  startup.o(RESET)
    PWM0Generator1_Handler                   0x0000028d   Thumb Code     0  startup.o(RESET)
    PWM0Generator2_Handler                   0x0000028d   Thumb Code     0  startup.o(RESET)
    PWM0Generator3_Handler                   0x0000028d   Thumb Code     0  startup.o(RESET)
    PWM1Fault_Handler                        0x0000028d   Thumb Code     0  startup.o(RESET)
    PWM1Generator0_Handler                   0x0000028d   Thumb Code     0  startup.o(RESET)
    PWM1Generator1_Handler                   0x0000028d   Thumb Code     0  startup.o(RESET)
    PWM1Generator2_Handler                   0x0000028d   Thumb Code     0  startup.o(RESET)
    PWM1Generator3_Handler                   0x0000028d   Thumb Code     0  startup.o(RESET)
    Quadrature0_Handler                      0x0000028d   Thumb Code     0  startup.o(RESET)
    Quadrature1_Handler                      0x0000028d   Thumb Code     0  startup.o(RESET)
    Quadrature2_Handler                      0x0000028d   Thumb Code     0  startup.o(RESET)
    SSI0_Handler                             0x0000028d   Thumb Code     0  startup.o(RESET)
    SSI1_Handler                             0x0000028d   Thumb Code     0  startup.o(RESET)
    SSI2_Handler                             0x0000028d   Thumb Code     0  startup.o(RESET)
    SSI3_Handler                             0x0000028d   Thumb Code     0  startup.o(RESET)
    SysCtl_Handler                           0x0000028d   Thumb Code     0  startup.o(RESET)
    Timer0A_Handler                          0x0000028d   Thumb Code     0  startup.o(RESET)
    Timer0B_Handler                          0x0000028d   Thumb Code     0  startup.o(RESET)
    Timer1A_Handler                          0x0000028d   Thumb Code     0  startup.o(RESET)
    Timer1B_Handler                          0x0000028d   Thumb Code     0  startup.o(RESET)
    Timer2A_Handler                          0x0000028d   Thumb Code     0  startup.o(RESET)
    Timer2B_Handler                          0x0000028d   Thumb Code     0  startup.o(RESET)
    Timer3A_Handler                          0x0000028d   Thumb Code     0  startup.o(RESET)
    Timer3B_Handler                          0x0000028d   Thumb Code     0  startup.o(RESET)
    Timer4A_Handler                          0x0000028d   Thumb Code     0  startup.o(RESET)
    Timer4B_Handler                          0x0000028d   Thumb Code     0  startup.o(RESET)
    Timer5A_Handler                          0x0000028d   Thumb Code     0  startup.o(RESET)
    Timer5B_Handler                          0x0000028d   Thumb Code     0  startup.o(RESET)
    UART0_Handler                            0x0000028d   Thumb Code     0  startup.o(RESET)
    UART1_Handler                            0x0000028d   Thumb Code     0  startup.o(RESET)
    UART2_Handler                            0x0000028d   Thumb Code     0  startup.o(RESET)
    UART3_Handler                            0x0000028d   Thumb Code     0  startup.o(RESET)
    UART4_Handler                            0x0000028d   Thumb Code     0  startup.o(RESET)
    UART5_Handler                            0x0000028d   Thumb Code     0  startup.o(RESET)
    UART6_Handler                            0x0000028d   Thumb Code     0  startup.o(RESET)
    UART7_Handler                            0x0000028d   Thumb Code     0  startup.o(RESET)
    USB0_Handler                             0x0000028d   Thumb Code     0  startup.o(RESET)
    WDT_Handler                              0x0000028d   Thumb Code     0  startup.o(RESET)
    WideTimer0A_Handler                      0x0000028d   Thumb Code     0  startup.o(RESET)
    WideTimer0B_Handler                      0x0000028d   Thumb Code     0  startup.o(RESET)
    WideTimer1A_Handler                      0x0000028d   Thumb Code     0  startup.o(RESET)
    WideTimer1B_Handler                      0x0000028d   Thumb Code     0  startup.o(RESET)
    WideTimer2A_Handler                      0x0000028d   Thumb Code     0  startup.o(RESET)
    WideTimer2B_Handler                      0x0000028d   Thumb Code     0  startup.o(RESET)
    WideTimer3A_Handler                      0x0000028d   Thumb Code     0  startup.o(RESET)
    WideTimer3B_Handler                      0x0000028d   Thumb Code     0  startup.o(RESET)
    WideTimer4A_Handler                      0x0000028d   Thumb Code     0  startup.o(RESET)
    WideTimer4B_Handler                      0x0000028d   Thumb Code     0  startup.o(RESET)
    WideTimer5A_Handler                      0x0000028d   Thumb Code     0  startup.o(RESET)
    WideTimer5B_Handler                      0x0000028d   Thumb Code     0  startup.o(RESET)
    uDMA_Error                               0x0000028d   Thumb Code     0  startup.o(RESET)
    uDMA_Handler                             0x0000028d   Thumb Code     0  startup.o(RESET)
    __use_two_region_memory                  0x00000291   Thumb Code     2  heapauxi.o(.text)
    __rt_heap_escrow$2region                 0x00000293   Thumb Code     2  heapauxi.o(.text)
    __rt_heap_expand$2region                 0x00000295   Thumb Code     2  heapauxi.o(.text)
    __main                                   0x00000299   Thumb Code     0  main.o(main)
    DELAY100ms                               0x000002a9   Thumb Code     0  delay100ms.o(subroutine)
    INITSYSTICK                              0x000002b5   Thumb Code    40  initsytstick.o(subroutine)
    PORTBCONFIG                              0x000002ed   Thumb Code    52  portbconfig.o(subroutine)
    DRIVE                                    0x00000331   Thumb Code   258  drive.o(subroutine)
    ISR                                      0x00000441   Thumb Code    40  isr.o(subroutine)
    ISR1                                     0x0000046d   Thumb Code    40  isr1.o(subroutine)



==============================================================================

Memory Map of the image

  Image Entry point : 0x0000026d

  Load Region LR_1 (Base: 0x00000000, Size: 0x00000898, Max: 0xffffffff, ABSOLUTE)

    Execution Region ER_RO (Exec base: 0x00000000, Load base: 0x00000000, Size: 0x00000498, Max: 0xffffffff, ABSOLUTE)

    Exec Addr    Load Addr    Size         Type   Attr      Idx    E Section Name        Object

    0x00000000   0x00000000   0x00000290   Code   RO            3  * RESET               startup.o
    0x00000290   0x00000290   0x00000006   Code   RO           44    .text               c_w.l(heapauxi.o)
    0x00000296   0x00000296   0x00000002   PAD
    0x00000298   0x00000298   0x0000000e   Code   RO           12    main                main.o
    0x000002a6   0x000002a6   0x00000002   PAD
    0x000002a8   0x000002a8   0x0000000c   Code   RO           15    subroutine          delay100ms.o
    0x000002b4   0x000002b4   0x00000038   Code   RO           22    subroutine          initsytstick.o
    0x000002ec   0x000002ec   0x00000044   Code   RO           26    subroutine          portbconfig.o
    0x00000330   0x00000330   0x00000110   Code   RO           30    subroutine          drive.o
    0x00000440   0x00000440   0x0000002c   Code   RO           34    subroutine          isr.o
    0x0000046c   0x0000046c   0x0000002c   Code   RO           38    subroutine          isr1.o


    Execution Region ER_RW (Exec base: 0x20000000, Load base: 0x00000498, Size: 0x00000400, Max: 0xffffffff, ABSOLUTE)

    Exec Addr    Load Addr    Size         Type   Attr      Idx    E Section Name        Object

    0x20000000   0x00000498   0x00000400   Data   RW            1    STACK               startup.o


    Execution Region ER_ZI (Exec base: 0x20000400, Load base: 0x00000898, Size: 0x00000000, Max: 0xffffffff, ABSOLUTE)

    **** No section assigned to this execution region ****


==============================================================================

Image component sizes


      Code (inc. data)   RO Data    RW Data    ZI Data      Debug   Object Name

        12          0          0          0          0        244   delay100ms.o
       272         14          0          0          0        444   drive.o
        56         18          0          0          0        388   initsytstick.o
        44          4          0          0          0        364   isr.o
        44          4          0          0          0        360   isr1.o
        14          0          0          0          0        220   main.o
        68         16          0          0          0        396   portbconfig.o
       656        622          0       1024          0        832   startup.o

    ----------------------------------------------------------------------
      1168        678          0       1024          0       3248   Object Totals
         0          0          0          0          0          0   (incl. Generated)
         2          0          0          0          0          0   (incl. Padding)

    ----------------------------------------------------------------------

      Code (inc. data)   RO Data    RW Data    ZI Data      Debug   Library Member Name

         6          0          0          0          0        152   heapauxi.o

    ----------------------------------------------------------------------
         8          0          0          0          0        152   Library Totals
         2          0          0          0          0          0   (incl. Padding)

    ----------------------------------------------------------------------

      Code (inc. data)   RO Data    RW Data    ZI Data      Debug   Library Name

         6          0          0          0          0        152   c_w.l

    ----------------------------------------------------------------------
         8          0          0          0          0        152   Library Totals

    ----------------------------------------------------------------------

==============================================================================


      Code (inc. data)   RO Data    RW Data    ZI Data      Debug   

      1176        678          0       1024          0       2900   Grand Totals
      1176        678          0       1024          0       2900   ELF Image Totals
      1176        678          0       1024          0          0   ROM Totals

==============================================================================

    Total RO  Size (Code + RO Data)                 1176 (   1.15kB)
    Total RW  Size (RW Data + ZI Data)              1024 (   1.00kB)
    Total ROM Size (Code + RO Data + RW Data)       2200 (   2.15kB)

==============================================================================

