


ARM Macro Assembler    Page 1 


    1 00000000 400053FC 
                       GPIO_PORTB_DATA
                               EQU              0x400053FC
    2 00000000 40005400 
                       GPIO_PORTB_DIR
                               EQU              0x40005400
    3 00000000 40005420 
                       GPIO_PORTB_AFSEL
                               EQU              0x40005420
    4 00000000 4000551C 
                       GPIO_PORTB_DEN
                               EQU              0x4000551C
    5 00000000 400FE608 
                       SYSCTL_RCGCGPIO
                               EQU              0x400FE608
    6 00000000                 AREA             subroutine, READONLY, CODE, ALI
GN=2
    7 00000000                 THUMB
    8 00000000                 EXPORT           PORTBCONFIG
    9 00000000         
   10 00000000         PORTBCONFIG
                               PROC
   11 00000000 490C            LDR              R1, =SYSCTL_RCGCGPIO
   12 00000002 6808            LDR              R0, [R1]
   13 00000004 F040 0002       ORR              R0, R0, #0x02
   14 00000008 6008            STR              R0, [R1]
   15 0000000A BF00            NOP
   16 0000000C BF00            NOP
   17 0000000E BF00            NOP
   18 00000010 4909            LDR              R1, =GPIO_PORTB_DIR
   19 00000012 6808            LDR              R0, [R1]
   20 00000014 F020 00FF       BIC              R0, #0xFF
   21 00000018 F040 000F       ORR              R0, #0x0F
   22 0000001C 6008            STR              R0, [R1]
   23 0000001E 4907            LDR              R1, =GPIO_PORTB_AFSEL
   24 00000020 6808            LDR              R0, [R1]
   25 00000022 F020 00FF       BIC              R0, #0xFF
   26 00000026 6008            STR              R0, [R1]
   27 00000028 4905            LDR              R1, =GPIO_PORTB_DEN
   28 0000002A 6808            LDR              R0, [R1]
   29 0000002C F040 00FF       ORR              R0, #0xFF
   30 00000030 6008            STR              R0, [R1]
   31 00000032         
   32 00000032 4770            BX               LR
   33 00000034         
   34 00000034                 ALIGN
   35 00000034                 ENDP
   36 00000034         
   37 00000034         
   38 00000034         
                       
              400FE608 
              40005400 
              40005420 
              4000551C 
Command Line: --debug --xref --diag_suppress=9931 --cpu=Cortex-M4.fp.sp --apcs=
interwork --depend=.\objects\portbconfig.d -o.\objects\portbconfig.o -I"C:\User
s\Emre Çakmakyurdu\AppData\Local\Arm\Packs\Keil\TM4C_DFP\1.1.0\Device\Include\T
M4C123" --predefine="__EVAL SETA 1" --predefine="__UVISION_VERSION SETA 536" --



ARM Macro Assembler    Page 2 


predefine="TM4C123GH6PM SETA 1" --list=.\listings\portbconfig.lst ..\PORTBCONFI
G.s



ARM Macro Assembler    Page 1 Alphabetic symbol ordering
Relocatable symbols

PORTBCONFIG 00000000

Symbol: PORTBCONFIG
   Definitions
      At line 10 in file ..\PORTBCONFIG.s
   Uses
      At line 8 in file ..\PORTBCONFIG.s
Comment: PORTBCONFIG used once
subroutine 00000000

Symbol: subroutine
   Definitions
      At line 6 in file ..\PORTBCONFIG.s
   Uses
      None
Comment: subroutine unused
2 symbols



ARM Macro Assembler    Page 1 Alphabetic symbol ordering
Absolute symbols

GPIO_PORTB_AFSEL 40005420

Symbol: GPIO_PORTB_AFSEL
   Definitions
      At line 3 in file ..\PORTBCONFIG.s
   Uses
      At line 23 in file ..\PORTBCONFIG.s
Comment: GPIO_PORTB_AFSEL used once
GPIO_PORTB_DATA 400053FC

Symbol: GPIO_PORTB_DATA
   Definitions
      At line 1 in file ..\PORTBCONFIG.s
   Uses
      None
Comment: GPIO_PORTB_DATA unused
GPIO_PORTB_DEN 4000551C

Symbol: GPIO_PORTB_DEN
   Definitions
      At line 4 in file ..\PORTBCONFIG.s
   Uses
      At line 27 in file ..\PORTBCONFIG.s
Comment: GPIO_PORTB_DEN used once
GPIO_PORTB_DIR 40005400

Symbol: GPIO_PORTB_DIR
   Definitions
      At line 2 in file ..\PORTBCONFIG.s
   Uses
      At line 18 in file ..\PORTBCONFIG.s
Comment: GPIO_PORTB_DIR used once
SYSCTL_RCGCGPIO 400FE608

Symbol: SYSCTL_RCGCGPIO
   Definitions
      At line 5 in file ..\PORTBCONFIG.s
   Uses
      At line 11 in file ..\PORTBCONFIG.s
Comment: SYSCTL_RCGCGPIO used once
5 symbols
343 symbols in table
